// Jest Snapshot v1, https://goo.gl/fbAQLP

exports[`should render without crashing <Dashborad/> 1`] = `ShallowWrapper {}`;
