// Jest Snapshot v1, https://goo.gl/fbAQLP

exports[`Login Component should render without crashing 1`] = `ReactWrapper {}`;
