// Jest Snapshot v1, https://goo.gl/fbAQLP

exports[`Register components should render without crashing 1`] = `ShallowWrapper {}`;
