// Jest Snapshot v1, https://goo.gl/fbAQLP

exports[`component <CreateProfile/> should render without crashing 1`] = `ShallowWrapper {}`;
